docker :  
Container monitorin
g_system_clean-moni
tor-1 Recreate 
At line:2 char:1
+ docker compose 
up 2>&1 | 
Tee-Object 
-FilePath 
test_output.txt
+ ~~~~~~~~~~~~~~~~~
~~~~~
    + CategoryInfo 
             : No  
  tSpecified: (    
 Container moni    
...tor-1 Recre    
ate :String) [    
], RemoteExcep    
tion
    + FullyQualifi 
   edErrorId : Na  
  tiveCommandErr   
 or
 
 Container monitori
ng_system_clean-mon
itor-1 Recreated 
Attaching to log-generator-1, metrics-1, monitor-1, redis-1, webhook-1
 Container monitori
ng_system_clean-red
is-1 Starting 
 Container monitori
ng_system_clean-met
rics-1 Starting 
redis-1  | 1:C 09 Jun 2026 04:31:29.548 * oO0OoO0OoO0Oo Redis is starting oO0OoO0OoO0Oo
redis-1  | 1:C 09 Jun 2026 04:31:29.548 * Redis version=7.4.9, bits=64, commit=00000000, modified=0, pid=1, just started
redis-1  | 1:C 09 Jun 2026 04:31:29.548 # Warning: no config file specified, using the default config. In order to specify a config file use redis-server /path/to/redis.conf
redis-1  | 1:M 09 Jun 2026 04:31:29.551 * monotonic clock: POSIX clock_gettime
redis-1  | 1:M 09 Jun 2026 04:31:29.559 * Running mode=standalone, port=6379.
redis-1  | 1:M 09 Jun 2026 04:31:29.560 * Server initialized
redis-1  | 1:M 09 Jun 2026 04:31:29.561 * Loading RDB produced by version 7.4.9
redis-1  | 1:M 09 Jun 2026 04:31:29.561 * RDB age 247 seconds
redis-1    | 1:M 09 Jun 2026 04:31:29.561 * RDB memory usage when created 1.02 Mb
redis-1    | 1:M 09 Jun 2026 04:31:29.561 * Done loading RDB, keys loaded: 0, keys expired: 0.
redis-1    | 1:M 09 Jun 2026 04:31:29.561 * DB loaded from disk: 0.001 seconds
metrics-1  | 13,57,133
redis-1    | 1:M 09 Jun 2026 04:31:29.561 * Ready to accept connections tcp
 Container monitori
ng_system_clean-red
is-1 Started 
 Container monitori
ng_system_clean-red
is-1 Waiting 
 Container monitori
ng_system_clean-met
rics-1 Started 
metrics-1  | 42,49,297
metrics-1  | 19,76,105
metrics-1  | 89,52,366
metrics-1  | 90,91,63
metrics-1  | 58,63,20
 Container monitori
ng_system_clean-red
is-1 Healthy 
 Container monitori
ng_system_clean-web
hook-1 Starting 
metrics-1  | 45,68,120
 Container monitori
ng_system_clean-web
hook-1 Started 
 Container monitori
ng_system_clean-web
hook-1 Waiting 
metrics-1  | 21,89,210
webhook-1  | Webhook server running on port 3000
webhook-1  | Redis subscriber connected
metrics-1  | 37,94,350
metrics-1  | 75,39,277
metrics-1  | 16,53,386
metrics-1  | 50,47,35
 Container monitori
ng_system_clean-web
hook-1 Healthy 
 Container monitori
ng_system_clean-mon
itor-1 Starting 
metrics-1  | 47,66,211
 Container monitori
ng_system_clean-mon
itor-1 Started 
 Container monitori
ng_system_clean-log
-generator-1 
Starting 
 Container monitori
ng_system_clean-log
-generator-1 
Started 
metrics-1  | 4,56,115
log-generator-1  | [log_generator] Writing to /app/logs/app.log
log-generator-1  | {"timestamp": "2026-06-09T04:31:42.591326+00:00", "level": "INFO", "service": "core-engine", "message": "Processing complete"}
monitor-1        | 
{"time":"2026-06-09
 04:31:42,854","thr
ead":"MainThread","
level":"INFO","msg"
:"monitoring 
system started"}
metrics-1        | 70,98,307
log-generator-1  | {"timestamp": "2026-06-09T04:31:43.592424+00:00", "level": "INFO", "service": "core-engine", "message": "Task started"}
monitor-1        | 
{"time":"2026-06-09
 04:31:43,855","thr
ead":"dispatcher","
level":"WARNING","m
sg":{"event": "aler
t_dispatched", 
"timestamp": "2026-
06-09T04:31:43.8552
81+00:00", 
"alert": "CPU 
anomaly", "type": 
"cpu", "severity": 
"INFO", "value": 
93, "threshold_at_t
ime": 92.1}}
monitor-1        | 
{"time":"2026-06-09
 04:31:43,859","thr
ead":"dispatcher","
level":"INFO","msg"
:{"event": "alert_p
ublished_to_redis",
 "alert": "CPU 
anomaly"}}
webhook-1        | [INFO] CPU anomaly | value=93 threshold=92.1
metrics-1        | 34,56,170
log-generator-1  | {"timestamp": "2026-06-09T04:31:44.593326+00:00", "level": "ERROR", "service": "core-engine", "message": "Connection timeout"}
monitor-1        | 
{"time":"2026-06-09
 04:31:44,660","thr
ead":"dispatcher","
level":"WARNING","m
sg":{"event": "aler
t_dispatched", 
"timestamp": "2026-
06-09T04:31:44.6607
47+00:00", 
"alert": "Critical 
log error", 
"type": "log", 
"severity": 
"INFO", "value": 
0, "threshold_at_ti
me": 0}}
monitor-1        | 
{"time":"2026-06-09
 04:31:44,662","thr
ead":"dispatcher","
level":"INFO","msg"
:{"event": "alert_p
ublished_to_redis",
 "alert": 
"Critical log 
error"}}
webhook-1        | [INFO] Critical log error | value=0 threshold=0
metrics-1        | 6,53,438
log-generator-1  | {"timestamp": "2026-06-09T04:31:45.594149+00:00", "level": "WARNING", "service": "core-engine", "message": "Queue backlog growing"}
metrics-1        | 79,75,80
log-generator-1  | {"timestamp": "2026-06-09T04:31:46.594953+00:00", "level": "INFO", "service": "core-engine", "message": "Task started"}
metrics-1        | 89,12,274
log-generator-1  | {"timestamp": "2026-06-09T04:31:47.595908+00:00", "level": "WARNING", "service": "core-engine", "message": "High memory usage"}
metrics-1        | 39,39,266
log-generator-1  | {"timestamp": "2026-06-09T04:31:48.596717+00:00", "level": "INFO", "service": "core-engine", "message": "Task started"}
metrics-1        | 68,56,371
log-generator-1  | {"timestamp": "2026-06-09T04:31:49.597615+00:00", "level": "INFO", "service": "core-engine", "message": "Heartbeat OK"}
metrics-1        | 54,58,18
log-generator-1  | {"timestamp": "2026-06-09T04:31:50.598441+00:00", "level": "WARNING", "service": "core-engine", "message": "Latency spike detected"}
metrics-1        | 42,57,184
log-generator-1  | {"timestamp": "2026-06-09T04:31:51.599271+00:00", "level": "INFO", "service": "core-engine", "message": "Task started"}
metrics-1        | 53,14,192
log-generator-1  | {"timestamp": "2026-06-09T04:31:52.600348+00:00", "level": "INFO", "service": "core-engine", "message": "Heartbeat OK"}
metrics-1        | 69,84,191
log-generator-1  | {"timestamp": "2026-06-09T04:31:53.601293+00:00", "level": "WARNING", "service": "core-engine", "message": "Latency spike detected"}
metrics-1        | 28,70,99
log-generator-1  | {"timestamp": "2026-06-09T04:31:54.598740+00:00", "level": "INFO", "service": "core-engine", "message": "Task started"}
metrics-1        | 50,77,253
log-generator-1  | {"timestamp": "2026-06-09T04:31:55.599496+00:00", "level": "INFO", "service": "core-engine", "message": "Processing complete"}
metrics-1        | 40,56,228
log-generator-1  | {"timestamp": "2026-06-09T04:31:56.600239+00:00", "level": "WARNING", "service": "core-engine", "message": "Latency spike detected"}
metrics-1        | 20,97,340
log-generator-1  | {"timestamp": "2026-06-09T04:31:57.601108+00:00", "level": "INFO", "service": "core-engine", "message": "Task started"}
metrics-1        | 47,88,332
log-generator-1  | {"timestamp": "2026-06-09T04:31:58.601973+00:00", "level": "INFO", "service": "core-engine", "message": "Cache hit"}
metrics-1        | 13,8,140
log-generator-1  | {"timestamp": "2026-06-09T04:31:59.602993+00:00", "level": "WARNING", "service": "core-engine", "message": "Queue backlog growing"}
metrics-1        | 84,62,250
log-generator-1  | {"timestamp": "2026-06-09T04:32:00.603718+00:00", "level": "INFO", "service": "core-engine", "message": "Heartbeat OK"}
metrics-1        | 2,4,459
log-generator-1  | {"timestamp": "2026-06-09T04:32:01.604384+00:00", "level": "WARNING", "service": "core-engine", "message": "Queue backlog growing"}
metrics-1        | 38,10,373
log-generator-1  | {"timestamp": "2026-06-09T04:32:02.605135+00:00", "level": "INFO", "service": "core-engine", "message": "Cache hit"}
metrics-1        | 83,31,358
log-generator-1  | {"timestamp": "2026-06-09T04:32:03.605838+00:00", "level": "INFO", "service": "core-engine", "message": "Heartbeat OK"}
metrics-1        | 74,11,180
log-generator-1  | {"timestamp": "2026-06-09T04:32:04.606756+00:00", "level": "ERROR", "service": "core-engine", "message": "OOM killed"}
monitor-1        | 
{"time":"2026-06-09
 04:32:04,703","thr
ead":"dispatcher","
level":"WARNING","m
sg":{"event": "aler
t_dispatched", 
"timestamp": "2026-
06-09T04:32:04.7032
65+00:00", 
"alert": "Critical 
log error", 
"type": "log", 
"severity": 
"INFO", "value": 
0, "threshold_at_ti
me": 0}}
monitor-1        | 
{"time":"2026-06-09
 04:32:04,705","thr
ead":"dispatcher","
level":"INFO","msg"
:{"event": "alert_p
ublished_to_redis",
 "alert": 
"Critical log 
error"}}
webhook-1        | [INFO] Critical log error | value=0 threshold=0
metrics-1        | 73,61,9
log-generator-1  | {"timestamp": "2026-06-09T04:32:05.607902+00:00", "level": "INFO", "service": "core-engine", "message": "Cache hit"}
metrics-1        | 26,1,317
log-generator-1  | {"timestamp": "2026-06-09T04:32:06.609082+00:00", "level": "WARNING", "service": "core-engine", "message": "Latency spike detected"}
metrics-1        | 6,22,166
log-generator-1  | {"timestamp": "2026-06-09T04:32:07.609962+00:00", "level": "INFO", "service": "core-engine", "message": "Task started"}
metrics-1        | 47,69,54
log-generator-1  | {"timestamp": "2026-06-09T04:32:08.611103+00:00", "level": "WARNING", "service": "core-engine", "message": "Queue backlog growing"}
metrics-1        | 31,82,462
log-generator-1  | {"timestamp": "2026-06-09T04:32:09.612041+00:00", "level": "INFO", "service": "core-engine", "message": "Processing complete"}
metrics-1        | 23,18,277
log-generator-1  | {"timestamp": "2026-06-09T04:32:10.613051+00:00", "level": "INFO", "service": "core-engine", "message": "Task started"}
metrics-1        | 73,72,33
log-generator-1  | {"timestamp": "2026-06-09T04:32:11.613825+00:00", "level": "INFO", "service": "core-engine", "message": "Task started"}
metrics-1        | 32,62,443
log-generator-1  | {"timestamp": "2026-06-09T04:32:12.614520+00:00", "level": "ERROR", "service": "core-engine", "message": "OOM killed"}
monitor-1        | 
{"time":"2026-06-09
 04:32:12,723","thr
ead":"dispatcher","
level":"WARNING","m
sg":{"event": "aler
t_dispatched", 
"timestamp": "2026-
06-09T04:32:12.7236
63+00:00", 
"alert": "Critical 
log error", 
"type": "log", 
"severity": 
"INFO", "value": 
0, "threshold_at_ti
me": 0}}
monitor-1        | 
{"time":"2026-06-09
 04:32:12,725","thr
ead":"dispatcher","
level":"INFO","msg"
:{"event": "alert_p
ublished_to_redis",
 "alert": 
"Critical log 
error"}}
webhook-1        | [INFO] Critical log error | value=0 threshold=0
metrics-1        | 6,45,326
log-generator-1  | {"timestamp": "2026-06-09T04:32:13.615227+00:00", "level": "ERROR", "service": "core-engine", "message": "OOM killed"}
metrics-1        | 16,19,137
log-generator-1  | {"timestamp": "2026-06-09T04:32:14.616165+00:00", "level": "WARNING", "service": "core-engine", "message": "High memory usage"}
metrics-1        | 48,45,398
log-generator-1  | {"timestamp": "2026-06-09T04:32:15.617072+00:00", "level": "INFO", "service": "core-engine", "message": "Heartbeat OK"}
metrics-1        | 58,23,400
log-generator-1  | {"timestamp": "2026-06-09T04:32:16.617959+00:00", "level": "WARNING", "service": "core-engine", "message": "Latency spike detected"}
metrics-1        | 27,30,74
log-generator-1  | {"timestamp": "2026-06-09T04:32:17.618944+00:00", "level": "WARNING", "service": "core-engine", "message": "Queue backlog growing"}
metrics-1        | 94,29,343
log-generator-1  | {"timestamp": "2026-06-09T04:32:18.619917+00:00", "level": "INFO", "service": "core-engine", "message": "Task started"}
metrics-1        | 48,12,177
log-generator-1  | {"timestamp": "2026-06-09T04:32:19.620935+00:00", "level": "ERROR", "service": "core-engine", "message": "OOM killed"}
monitor-1        | 
{"time":"2026-06-09
 04:32:19,739","thr
ead":"dispatcher","
level":"WARNING","m
sg":{"event": "aler
t_dispatched", 
"timestamp": "2026-
06-09T04:32:19.7397
00+00:00", 
"alert": "Critical 
log error", 
"type": "log", 
"severity": 
"INFO", "value": 
0, "threshold_at_ti
me": 0}}
webhook-1        | [INFO] Critical log error | value=0 threshold=0
monitor-1        | 
{"time":"2026-06-09
 04:32:19,741","thr
ead":"dispatcher","
level":"INFO","msg"
:{"event": "alert_p
ublished_to_redis",
 "alert": 
"Critical log 
error"}}
metrics-1        | 63,35,95
log-generator-1  | {"timestamp": "2026-06-09T04:32:20.621576+00:00", "level": "INFO", "service": "core-engine", "message": "Task started"}
metrics-1        | 92,8,319
log-generator-1  | {"timestamp": "2026-06-09T04:32:21.622188+00:00", "level": "WARNING", "service": "core-engine", "message": "High memory usage"}
metrics-1        | 25,92,181
log-generator-1  | {"timestamp": "2026-06-09T04:32:22.623189+00:00", "level": "WARNING", "service": "core-engine", "message": "High memory usage"}
metrics-1        | 21,98,227
log-generator-1  | {"timestamp": "2026-06-09T04:32:23.624112+00:00", "level": "INFO", "service": "core-engine", "message": "Task started"}
metrics-1        | 47,66,498
log-generator-1  | {"timestamp": "2026-06-09T04:32:24.617485+00:00", "level": "WARNING", "service": "core-engine", "message": "Queue backlog growing"}
metrics-1        | 37,15,95
log-generator-1  | {"timestamp": "2026-06-09T04:32:25.618253+00:00", "level": "WARNING", "service": "core-engine", "message": "Latency spike detected"}
metrics-1        | 87,25,419
log-generator-1  | {"timestamp": "2026-06-09T04:32:26.618830+00:00", "level": "INFO", "service": "core-engine", "message": "Task started"}
metrics-1        | 39,52,401
log-generator-1  | {"timestamp": "2026-06-09T04:32:27.619737+00:00", "level": "INFO", "service": "core-engine", "message": "Heartbeat OK"}
metrics-1        | 13,46,30
log-generator-1  | {"timestamp": "2026-06-09T04:32:28.620692+00:00", "level": "INFO", "service": "core-engine", "message": "Heartbeat OK"}
metrics-1        | 56,47,342
log-generator-1  | {"timestamp": "2026-06-09T04:32:29.621478+00:00", "level": "ERROR", "service": "core-engine", "message": "Task failed"}
webhook-1        | [INFO] Critical log error | value=0 threshold=0
monitor-1        | 
{"time":"2026-06-09
 04:32:29,754","thr
ead":"dispatcher","
level":"WARNING","m
sg":{"event": "aler
t_dispatched", 
"timestamp": "2026-
06-09T04:32:29.7542
10+00:00", 
"alert": "Critical 
log error", 
"type": "log", 
"severity": 
"INFO", "value": 
0, "threshold_at_ti
me": 0}}
monitor-1        | 
{"time":"2026-06-09
 04:32:29,756","thr
ead":"dispatcher","
level":"INFO","msg"
:{"event": "alert_p
ublished_to_redis",
 "alert": 
"Critical log 
error"}}
metrics-1        | 85,62,329
log-generator-1  | {"timestamp": "2026-06-09T04:32:30.622443+00:00", "level": "INFO", "service": "core-engine", "message": "Cache hit"}
metrics-1        | 32,54,37
log-generator-1  | {"timestamp": "2026-06-09T04:32:31.623168+00:00", "level": "WARNING", "service": "core-engine", "message": "Latency spike detected"}
metrics-1        | 51,79,129
log-generator-1  | {"timestamp": "2026-06-09T04:32:32.623856+00:00", "level": "WARNING", "service": "core-engine", "message": "High memory usage"}
metrics-1        | 33,52,480
log-generator-1  | {"timestamp": "2026-06-09T04:32:33.625110+00:00", "level": "INFO", "service": "core-engine", "message": "Heartbeat OK"}
metrics-1        | 12,0,298
log-generator-1  | {"timestamp": "2026-06-09T04:32:34.625808+00:00", "level": "INFO", "service": "core-engine", "message": "Cache hit"}
metrics-1        | 10,89,265
log-generator-1  | {"timestamp": "2026-06-09T04:32:35.626604+00:00", "level": "WARNING", "service": "core-engine", "message": "High memory usage"}
metrics-1        | 6,76,390
log-generator-1  | {"timestamp": "2026-06-09T04:32:36.627759+00:00", "level": "INFO", "service": "core-engine", "message": "Processing complete"}
metrics-1        | 77,16,195
log-generator-1  | {"timestamp": "2026-06-09T04:32:37.628594+00:00", "level": "INFO", "service": "core-engine", "message": "Cache hit"}
metrics-1        | 30,29,141
log-generator-1  | {"timestamp": "2026-06-09T04:32:38.629598+00:00", "level": "INFO", "service": "core-engine", "message": "Task started"}
metrics-1        | 60,38,340
log-generator-1  | {"timestamp": "2026-06-09T04:32:39.630544+00:00", "level": "INFO", "service": "core-engine", "message": "Cache hit"}
metrics-1        | 54,23,402
log-generator-1  | {"timestamp": "2026-06-09T04:32:40.631492+00:00", "level": "INFO", "service": "core-engine", "message": "Cache hit"}
metrics-1        | 83,56,456
log-generator-1  | {"timestamp": "2026-06-09T04:32:41.632638+00:00", "level": "WARNING", "service": "core-engine", "message": "Latency spike detected"}
metrics-1        | 72,59,388
log-generator-1  | {"timestamp": "2026-06-09T04:32:42.633468+00:00", "level": "INFO", "service": "core-engine", "message": "Processing complete"}
metrics-1        | 53,92,140
log-generator-1  | {"timestamp": "2026-06-09T04:32:43.634282+00:00", "level": "ERROR", "service": "core-engine", "message": "OOM killed"}
monitor-1        | 
{"time":"2026-06-09
 04:32:43,787","thr
ead":"dispatcher","
level":"WARNING","m
sg":{"event": "aler
t_dispatched", 
"timestamp": "2026-
06-09T04:32:43.7873
41+00:00", 
"alert": "Critical 
log error", 
"type": "log", 
"severity": 
"INFO", "value": 
0, "threshold_at_ti
me": 0}}
monitor-1        | 
{"time":"2026-06-09
 04:32:43,788","thr
ead":"dispatcher","
level":"INFO","msg"
:{"event": "alert_p
ublished_to_redis",
 "alert": 
"Critical log 
error"}}
webhook-1        | [INFO] Critical log error | value=0 threshold=0
metrics-1        | 33,56,392
log-generator-1  | {"timestamp": "2026-06-09T04:32:44.635136+00:00", "level": "INFO", "service": "core-engine", "message": "Processing complete"}
metrics-1        | 32,67,281
log-generator-1  | {"timestamp": "2026-06-09T04:32:45.636241+00:00", "level": "ERROR", "service": "core-engine", "message": "Connection timeout"}
metrics-1        | 49,25,410
log-generator-1  | {"timestamp": "2026-06-09T04:32:46.637110+00:00", "level": "INFO", "service": "core-engine", "message": "Task started"}
metrics-1        | 40,54,178
log-generator-1  | {"timestamp": "2026-06-09T04:32:47.637823+00:00", "level": "INFO", "service": "core-engine", "message": "Cache hit"}
metrics-1        | 35,84,307
log-generator-1  | {"timestamp": "2026-06-09T04:32:48.638562+00:00", "level": "INFO", "service": "core-engine", "message": "Task started"}
metrics-1        | 28,96,197
log-generator-1  | {"timestamp": "2026-06-09T04:32:49.639564+00:00", "level": "INFO", "service": "core-engine", "message": "Processing complete"}
metrics-1        | 69,2,173
log-generator-1  | {"timestamp": "2026-06-09T04:32:50.640785+00:00", "level": "WARNING", "service": "core-engine", "message": "Queue backlog growing"}
metrics-1        | 23,85,181
log-generator-1  | {"timestamp": "2026-06-09T04:32:51.641606+00:00", "level": "WARNING", "service": "core-engine", "message": "High memory usage"}
metrics-1        | 80,9,40
log-generator-1  | {"timestamp": "2026-06-09T04:32:52.642523+00:00", "level": "INFO", "service": "core-engine", "message": "Processing complete"}
metrics-1        | 20,62,285
log-generator-1  | {"timestamp": "2026-06-09T04:32:53.644378+00:00", "level": "INFO", "service": "core-engine", "message": "Task started"}
metrics-1        | 60,48,141
log-generator-1  | {"timestamp": "2026-06-09T04:32:54.646120+00:00", "level": "INFO", "service": "core-engine", "message": "Task started"}
metrics-1        | 5,32,460
log-generator-1  | {"timestamp": "2026-06-09T04:32:55.646863+00:00", "level": "INFO", "service": "core-engine", "message": "Cache hit"}
metrics-1        | 38,81,337
log-generator-1  | {"timestamp": "2026-06-09T04:32:56.647621+00:00", "level": "WARNING", "service": "core-engine", "message": "Queue backlog growing"}
metrics-1        | 48,21,191
log-generator-1  | {"timestamp": "2026-06-09T04:32:57.648521+00:00", "level": "INFO", "service": "core-engine", "message": "Processing complete"}
metrics-1        | 26,8,127
log-generator-1  | {"timestamp": "2026-06-09T04:32:58.649445+00:00", "level": "INFO", "service": "core-engine", "message": "Cache hit"}
metrics-1        | 86,89,323
log-generator-1  | {"timestamp": "2026-06-09T04:32:59.650297+00:00", "level": "WARNING", "service": "core-engine", "message": "Queue backlog growing"}
metrics-1        | 35,10,325
log-generator-1  | {"timestamp": "2026-06-09T04:33:00.651723+00:00", "level": "WARNING", "service": "core-engine", "message": "Queue backlog growing"}
metrics-1        | 8,33,462
log-generator-1  | {"timestamp": "2026-06-09T04:33:01.652853+00:00", "level": "WARNING", "service": "core-engine", "message": "Latency spike detected"}
metrics-1        | 41,65,123
log-generator-1  | {"timestamp": "2026-06-09T04:33:02.653849+00:00", "level": "INFO", "service": "core-engine", "message": "Heartbeat OK"}
metrics-1        | 82,85,86
log-generator-1  | {"timestamp": "2026-06-09T04:33:03.654949+00:00", "level": "INFO", "service": "core-engine", "message": "Task started"}
metrics-1        | 19,98,34
log-generator-1  | {"timestamp": "2026-06-09T04:33:04.655801+00:00", "level": "INFO", "service": "core-engine", "message": "Task started"}
metrics-1        | 60,3,266
log-generator-1  | {"timestamp": "2026-06-09T04:33:05.656800+00:00", "level": "WARNING", "service": "core-engine", "message": "High memory usage"}
metrics-1        | 73,93,47
log-generator-1  | {"timestamp": "2026-06-09T04:33:06.657660+00:00", "level": "WARNING", "service": "core-engine", "message": "Queue backlog growing"}
metrics-1        | 10,94,121
log-generator-1  | {"timestamp": "2026-06-09T04:33:07.658462+00:00", "level": "INFO", "service": "core-engine", "message": "Processing complete"}
metrics-1        | 54,72,181
log-generator-1  | {"timestamp": "2026-06-09T04:33:08.659812+00:00", "level": "INFO", "service": "core-engine", "message": "Processing complete"}
metrics-1        | 33,10,370
log-generator-1  | {"timestamp": "2026-06-09T04:33:09.660647+00:00", "level": "WARNING", "service": "core-engine", "message": "Queue backlog growing"}
metrics-1        | 57,46,380
log-generator-1  | {"timestamp": "2026-06-09T04:33:10.661919+00:00", "level": "INFO", "service": "core-engine", "message": "Processing complete"}
metrics-1        | 34,6,466
log-generator-1  | {"timestamp": "2026-06-09T04:33:11.662966+00:00", "level": "INFO", "service": "core-engine", "message": "Task started"}
metrics-1        | 49,48,231
log-generator-1  | {"timestamp": "2026-06-09T04:33:12.663783+00:00", "level": "ERROR", "service": "core-engine", "message": "Service unreachable"}
monitor-1        | 
{"time":"2026-06-09
 04:33:12,860","thr
ead":"dispatcher","
level":"WARNING","m
sg":{"event": "aler
t_dispatched", 
"timestamp": "2026-
06-09T04:33:12.8607
35+00:00", 
"alert": "Critical 
log error", 
"type": "log", 
"severity": 
"INFO", "value": 
0, "threshold_at_ti
me": 0}}
webhook-1        | [INFO] Critical log error | value=0 threshold=0
monitor-1        | 
{"time":"2026-06-09
 04:33:12,862","thr
ead":"dispatcher","
level":"INFO","msg"
:{"event": "alert_p
ublished_to_redis",
 "alert": 
"Critical log 
error"}}
metrics-1        | 72,82,417
log-generator-1  | {"timestamp": "2026-06-09T04:33:13.664694+00:00", "level": "INFO", "service": "core-engine", "message": "Cache hit"}
metrics-1        | 10,1,15
log-generator-1  | {"timestamp": "2026-06-09T04:33:14.665428+00:00", "level": "ERROR", "service": "core-engine", "message": "Connection timeout"}
metrics-1        | 44,13,270
log-generator-1  | {"timestamp": "2026-06-09T04:33:15.666511+00:00", "level": "WARNING", "service": "core-engine", "message": "High memory usage"}
metrics-1        | 62,86,315
log-generator-1  | {"timestamp": "2026-06-09T04:33:16.667668+00:00", "level": "WARNING", "service": "core-engine", "message": "Latency spike detected"}
metrics-1        | 62,49,209
log-generator-1  | {"timestamp": "2026-06-09T04:33:17.668636+00:00", "level": "WARNING", "service": "core-engine", "message": "Queue backlog growing"}
metrics-1        | 35,55,482
log-generator-1  | {"timestamp": "2026-06-09T04:33:18.669544+00:00", "level": "INFO", "service": "core-engine", "message": "Heartbeat OK"}
metrics-1        | 68,88,292
log-generator-1  | {"timestamp": "2026-06-09T04:33:19.670327+00:00", "level": "INFO", "service": "core-engine", "message": "Processing complete"}
metrics-1        | 39,97,338
log-generator-1  | {"timestamp": "2026-06-09T04:33:20.671198+00:00", "level": "INFO", "service": "core-engine", "message": "Task started"}
metrics-1        | 71,84,497
log-generator-1  | {"timestamp": "2026-06-09T04:33:21.672534+00:00", "level": "WARNING", "service": "core-engine", "message": "High memory usage"}
metrics-1        | 37,33,245
log-generator-1  | {"timestamp": "2026-06-09T04:33:22.673467+00:00", "level": "INFO", "service": "core-engine", "message": "Cache hit"}
metrics-1        | 69,57,327
log-generator-1  | {"timestamp": "2026-06-09T04:33:23.674422+00:00", "level": "INFO", "service": "core-engine", "message": "Task started"}
metrics-1        | 38,20,28
log-generator-1  | {"timestamp": "2026-06-09T04:33:24.671418+00:00", "level": "WARNING", "service": "core-engine", "message": "Latency spike detected"}
metrics-1        | 5,16,193
log-generator-1  | {"timestamp": "2026-06-09T04:33:25.672300+00:00", "level": "WARNING", "service": "core-engine", "message": "Latency spike detected"}
metrics-1        | 27,79,80
log-generator-1  | {"timestamp": "2026-06-09T04:33:26.673118+00:00", "level": "INFO", "service": "core-engine", "message": "Cache hit"}
metrics-1        | 42,93,81
log-generator-1  | {"timestamp": "2026-06-09T04:33:27.674107+00:00", "level": "ERROR", "service": "core-engine", "message": "Service unreachable"}
webhook-1        | [INFO] Critical log error | value=0 threshold=0
monitor-1        | 
{"time":"2026-06-09
 04:33:27,700","thr
ead":"dispatcher","
level":"WARNING","m
sg":{"event": "aler
t_dispatched", 
"timestamp": "2026-
06-09T04:33:27.7002
01+00:00", 
"alert": "Critical 
log error", 
"type": "log", 
"severity": 
"INFO", "value": 
0, "threshold_at_ti
me": 0}}
monitor-1        | 
{"time":"2026-06-09
 04:33:27,702","thr
ead":"dispatcher","
level":"INFO","msg"
:{"event": "alert_p
ublished_to_redis",
 "alert": 
"Critical log 
error"}}
metrics-1        | 52,80,36
log-generator-1  | {"timestamp": "2026-06-09T04:33:28.675248+00:00", "level": "INFO", "service": "core-engine", "message": "Task started"}
metrics-1        | 86,48,424
log-generator-1  | {"timestamp": "2026-06-09T04:33:29.676205+00:00", "level": "WARNING", "service": "core-engine", "message": "Queue backlog growing"}
metrics-1        | 78,39,274
log-generator-1  | {"timestamp": "2026-06-09T04:33:30.677471+00:00", "level": "INFO", "service": "core-engine", "message": "Heartbeat OK"}
metrics-1        | 69,63,58
log-generator-1  | {"timestamp": "2026-06-09T04:33:31.678489+00:00", "level": "INFO", "service": "core-engine", "message": "Task started"}
metrics-1        | 66,0,443
log-generator-1  | {"timestamp": "2026-06-09T04:33:32.679384+00:00", "level": "WARNING", "service": "core-engine", "message": "High memory usage"}
metrics-1        | 63,21,52
